[33892:5860:0518/211853.495:WARNING:chrome_main_delegate.cc(745)] This is Chrome version 128.0.6613.138 (not a warning)
[33892:14928:0518/211853.545:ERROR:google_update_settings.cc(265)] Failed opening key Software\Chromium to set usagestats; result: 5
[33892:5860:0518/211853.558:WARNING:account_consistency_mode_manager.cc(77)] Desktop Identity Consistency cannot be enabled as no OAuth client ID and client secret have been configured.
[4160:5100:0518/211857.965:WARNING:frame_impl.cc(430)] virtual CefFrameImpl::SendProcessMessage sent to detached frame 5-AD55244D1B9A544E4BDCCE2E8036AAE1 will be ignored
[34076:29984:0518/211858.315:WARNING:backend_impl.cc(1764)] Destroying invalid entry.
[34076:29984:0518/211858.349:ERROR:backend_impl.cc(989)] Critical error found -8
[34076:29984:0518/211858.349:WARNING:storage_block-inl.h(138)] Failed data load.
[34076:29984:0518/211858.349:WARNING:storage_block-inl.h(138)] Failed data load.
[34076:29984:0518/211858.349:WARNING:storage_block-inl.h(138)] Failed data load.
[34076:29984:0518/211858.349:WARNING:storage_block-inl.h(138)] Failed data load.
[34076:29984:0518/211858.349:ERROR:entry_impl.cc(1029)] No file for c1030064
[34076:29984:0518/211858.349:WARNING:storage_block-inl.h(138)] Failed data load.
[34076:29984:0518/211858.349:WARNING:storage_block-inl.h(138)] Failed data load.
[34076:29984:0518/211858.349:WARNING:storage_block-inl.h(138)] Failed data load.
[34076:29984:0518/211858.349:WARNING:storage_block-inl.h(138)] Failed data load.
[34076:29984:0518/211858.349:ERROR:entry_impl.cc(1029)] No file for b2020020
[34076:29984:0518/211858.349:WARNING:storage_block-inl.h(138)] Failed data load.
[34076:29984:0518/211858.349:WARNING:storage_block-inl.h(138)] Failed data load.
[34076:29984:0518/211858.352:WARNING:storage_block-inl.h(138)] Failed data load.
[34076:29984:0518/211858.352:WARNING:storage_block-inl.h(138)] Failed data load.
[34076:29984:0518/211858.352:WARNING:storage_block-inl.h(138)] Failed data load.
[33892:5860:0518/213055.171:WARNING:pref_notifier_impl.cc(41)] Pref observer for media_router.cast_allow_all_ips found at shutdown.
